 modtop · 10.1.8.99:502 · unit 1 · 40001–40020 · Modicon · 1s               ● ok
┌──────────────────────────────────────────────────────────────────────────────┐
│ Address    Raw      Type      Value                                          │
│ 40001      0x4248   float32   50.0                 ┐ ABCD                    │
│ 40002      0x0000             ·                    ┘                         │
│▶40003      0x8000   float32   1300.0               ┐ CDAB                    │
│ 40004      0x44A2             ·                    ┘                         │
│ 40005      0x01F4   uint16    500                                            │
│ 40006      0xFFF6   int16     -10                                            │
├─ frames · live ──────────────────────────────────────────────────────────────┤
│ 14:03:23.141  RX  00 02 00 00 00 2B 01 03 28 00 00...  FC03 · 40 bytes · ok  │
│ 14:03:24.118  TX  00 03 00 00 00 06 01 03 00 00 00 14  FC03 · PDU 0 · qty 20 │
│ 14:03:24.141  RX  00 03 00 00 00 2B 01 03 28 00 00...  FC03 · 40 bytes · ok  │
│ 14:03:25.118  TX  00 04 00 00 00 06 01 03 00 00 00 14  FC03 · PDU 0 · qty 20 │
│ 14:03:25.141  RX  00 04 00 00 00 2B 01 03 28 00 00...  FC03 · 40 bytes · ok  │
│ 14:03:26.118  TX  00 05 00 00 00 06 01 03 00 00 00 14  FC03 · PDU 0 · qty 20 │
│ 14:03:26.139  RX  00 05 00 00 00 03 01 83 02    exc 02 · illegal data address│
└──────────────────────────────────────────────────────────────────────────────┘
 40003 → Holding register #3 → FC03 → on the wire: 2 (0x0002)
 ABCD -2.46208e-41 · [CDAB 1300.0] · BADC 1.18132e-38 · DCBA -2.65632e-18
 ok 1243 · timeouts 2 · exceptions 1 · cycle 38 ms


 ↑↓ move  t type  o order  c convention  f frames  p pause  ? help  q quit